[debug] [2026-09-10T12:31:55.656Z] ----------------------------------------------------------------------
[debug] [2026-09-10T12:31:55.658Z] Command:       /opt/homebrew/Cellar/node/25.6.1/bin/node /Users/pavin/.npm/_npx/ba4f1959e38407b5/node_modules/.bin/firebase deploy --only hosting
[debug] [2026-09-10T12:31:55.659Z] CLI Version:   15.30.0
[debug] [2026-09-10T12:31:55.659Z] Platform:      darwin
[debug] [2026-09-10T12:31:55.659Z] Node Version:  v25.6.1
[debug] [2026-09-10T12:31:55.659Z] Detected Agent: antigravity
[debug] [2026-09-10T12:31:55.659Z] Time:          Thu Sep 10 2026 19:31:55 GMT+0700 (Indochina Time)
[debug] [2026-09-10T12:31:55.659Z] ----------------------------------------------------------------------
[debug] 
[debug] [2026-09-10T12:31:56.686Z] > command requires scopes: ["email","openid","https://www.googleapis.com/auth/cloudplatformprojects.readonly","https://www.googleapis.com/auth/firebase","https://www.googleapis.com/auth/cloud-platform"]
[debug] [2026-09-10T12:31:56.686Z] > authorizing via signed-in user (pavin.ss2@gmail.com)
[debug] [2026-09-10T12:31:56.687Z] [iam] checking project cheki-tracker-39407 for permissions ["firebase.projects.get","firebasehosting.sites.update"]
[debug] [2026-09-10T12:31:56.706Z] Checked if tokens are valid: true, expires at: 1789045175577
[debug] [2026-09-10T12:31:56.706Z] Checked if tokens are valid: true, expires at: 1789045175577
[debug] [2026-09-10T12:31:56.708Z] >>> [apiv2][query] POST https://cloudresourcemanager.googleapis.com/v1/projects/cheki-tracker-39407:testIamPermissions [none]
[debug] [2026-09-10T12:31:56.708Z] >>> [apiv2][(partial)header] POST https://cloudresourcemanager.googleapis.com/v1/projects/cheki-tracker-39407:testIamPermissions  x-goog-user-project=cheki-tracker-39407
[debug] [2026-09-10T12:31:56.708Z] >>> [apiv2][body] POST https://cloudresourcemanager.googleapis.com/v1/projects/cheki-tracker-39407:testIamPermissions {"permissions":["firebase.projects.get","firebasehosting.sites.update"]}
[debug] [2026-09-10T12:31:58.988Z] <<< [apiv2][status] POST https://cloudresourcemanager.googleapis.com/v1/projects/cheki-tracker-39407:testIamPermissions 200
[debug] [2026-09-10T12:31:58.988Z] <<< [apiv2][body] POST https://cloudresourcemanager.googleapis.com/v1/projects/cheki-tracker-39407:testIamPermissions {"permissions":["firebase.projects.get","firebasehosting.sites.update"]}
[debug] [2026-09-10T12:31:58.989Z] Checked if tokens are valid: true, expires at: 1789045175577
[debug] [2026-09-10T12:31:58.989Z] Checked if tokens are valid: true, expires at: 1789045175577
[debug] [2026-09-10T12:31:58.989Z] >>> [apiv2][query] GET https://firebase.googleapis.com/v1beta1/projects/cheki-tracker-39407 [none]
[debug] [2026-09-10T12:31:59.512Z] <<< [apiv2][status] GET https://firebase.googleapis.com/v1beta1/projects/cheki-tracker-39407 200
[debug] [2026-09-10T12:31:59.513Z] <<< [apiv2][body] GET https://firebase.googleapis.com/v1beta1/projects/cheki-tracker-39407 {"projectId":"cheki-tracker-39407","projectNumber":"793669182842","displayName":"cheki-tracker-prod","name":"projects/cheki-tracker-39407","resources":{"hostingSite":"cheki-tracker-39407"},"state":"ACTIVE","labels":{"firebase":"enabled"},"etag":"1_228d8ad5-1709-4af4-8340-e3d629b7ca71"}
[info] 
[info] === Deploying to 'cheki-tracker-39407'...
[info] 
[info] i  deploying hosting 
[debug] [2026-09-10T12:31:59.515Z] Checked if tokens are valid: true, expires at: 1789045175577
[debug] [2026-09-10T12:31:59.516Z] Checked if tokens are valid: true, expires at: 1789045175577
[debug] [2026-09-10T12:31:59.516Z] >>> [apiv2][query] GET https://firebasehosting.googleapis.com/v1beta1/projects/cheki-tracker-39407/sites/cheki-tracker-39407 [none]
[debug] [2026-09-10T12:32:00.504Z] <<< [apiv2][status] GET https://firebasehosting.googleapis.com/v1beta1/projects/cheki-tracker-39407/sites/cheki-tracker-39407 200
[debug] [2026-09-10T12:32:00.505Z] <<< [apiv2][body] GET https://firebasehosting.googleapis.com/v1beta1/projects/cheki-tracker-39407/sites/cheki-tracker-39407 {"name":"projects/cheki-tracker-39407/sites/cheki-tracker-39407","defaultUrl":"https://cheki-tracker-39407.web.app","appId":"1:793669182842:web:0cc7c499ba4c14496962c3","type":"DEFAULT_SITE"}
[debug] [2026-09-10T12:32:00.507Z] Checked if tokens are valid: true, expires at: 1789045175577
[debug] [2026-09-10T12:32:00.507Z] Checked if tokens are valid: true, expires at: 1789045175577
[debug] [2026-09-10T12:32:00.507Z] >>> [apiv2][query] POST https://firebasehosting.googleapis.com/v1beta1/projects/-/sites/cheki-tracker-39407/versions [none]
[debug] [2026-09-10T12:32:00.508Z] >>> [apiv2][body] POST https://firebasehosting.googleapis.com/v1beta1/projects/-/sites/cheki-tracker-39407/versions {"status":"CREATED","labels":{"deployment-tool":"cli-firebase"}}
[debug] [2026-09-10T12:32:01.520Z] <<< [apiv2][status] POST https://firebasehosting.googleapis.com/v1beta1/projects/-/sites/cheki-tracker-39407/versions 200
[debug] [2026-09-10T12:32:01.520Z] <<< [apiv2][body] POST https://firebasehosting.googleapis.com/v1beta1/projects/-/sites/cheki-tracker-39407/versions {"name":"projects/793669182842/sites/cheki-tracker-39407/versions/7d2c91b3ba7f15af","status":"CREATED","config":{},"labels":{"deployment-tool":"cli-firebase"}}
[info] i  hosting[cheki-tracker-39407]: beginning deploy... 
[info] i  hosting[cheki-tracker-39407]: found 44 files in out 
[debug] [2026-09-10T12:32:01.628Z] [hosting] uploading with 200 concurrency
[debug] [2026-09-10T12:32:01.666Z] Checked if tokens are valid: true, expires at: 1789045175577
[debug] [2026-09-10T12:32:01.666Z] Checked if tokens are valid: true, expires at: 1789045175577
[debug] [2026-09-10T12:32:01.667Z] [hosting] hash cache [b3V0] stored for 44 files
[debug] [2026-09-10T12:32:01.667Z] [hosting][hash queue][FINAL] {"max":33,"min":13,"avg":17.068181818181817,"active":0,"complete":44,"success":44,"errored":0,"retried":0,"total":44,"elapsed":38}
[debug] [2026-09-10T12:32:01.667Z] >>> [apiv2][query] POST https://firebasehosting.googleapis.com/v1beta1/projects/793669182842/sites/cheki-tracker-39407/versions/7d2c91b3ba7f15af:populateFiles [none]
[debug] [2026-09-10T12:32:01.667Z] >>> [apiv2][body] POST https://firebasehosting.googleapis.com/v1beta1/projects/793669182842/sites/cheki-tracker-39407/versions/7d2c91b3ba7f15af:populateFiles {"files":{"/grid-entry.txt":"d95116500d90ed35d6a8f61e760c29736534570244f310719914b4fca7682c66","/raw.txt":"50c4d847c6db1507261dd3f83d477c78146b43ca7e994bda5b520abfac881691","/index.txt":"a1b8faff2bbeaa32e0e804518f98c2c38938abaa6c12960d38a9f57edd5deb52","/events.txt":"27a5757c2f9ada2bfbfb40d2fcbb95256275f580676cf87ea173095a012c7621","/calendar.txt":"c94ef493d6b1157af0b88884e622fef9fe7ea738a30aa2b4ed90dfe4d5799bad","/raw.html":"01617aaeb658acbee6d737e323a9597ba1cb100eb0a5363293dfc9e141316188","/index.html":"fb0569d3ef995b6132a4586a8945493fd52353b02ef48e4ce221ac86cc0c6511","/analytics.txt":"f37db0b56499359753ff35357e91a242f26d1debcc9337b525427747f2fe1aa0","/admin.txt":"5c4644dffc965b06cbdaa11c98f594d8662f2c35dc643a44d7627ac5a63cedee","/events.html":"406c202d3297f48d809e60bcfb74e65da86b2dda93631f7c8c77e599de9948f8","/analytics.html":"e77a500df4fd1c0d4bb59ac32a4acf849b8fa143c6adff8a311bbbb16f600cc6","/grid-entry.html":"0b3e872302df13e6a5b342f9663930b4a6b3c799df0434bdfa1f779c464994fd","/_next/static/chunks/main-app-d64034268c5a8f82.js":"7f1d26218fba83b874dd2424a162ad372465d28d4e5187028020c235205b4bcc","/404.html":"a7acca7f7752523074bac293c2f37bfd3bdce6d7a1e86fda7e73a193513a663f","/_next/static/chunks/webpack-abb5bcc1735d5113.js":"cdcfecb1cf4ac5aee0eb287e70e45bef51783d62ea1ec37553779c3558ba9b8c","/_next/static/css/90575e5b5e24ad40.css":"0fa779d175d937652fa5df744cdac6a7db264994ea899794225e51962977f4f1","/admin.html":"b8f3b984d3c3376c12a142202cf48966acee9dd5c6b2fd300e9fb5b6b3dcd0e4","/_next/static/chunks/704-3be092c30e9bb1cd.js":"610fd03a0787c550f08788146de2489084d1c7f1549d8a985c26c05db0d9061d","/_next/static/chunks/304-3e660bb4a33c81da.js":"63f947563ca8c45ec42dd914fc7348e631cd3719796a0048844070ed2110c7a6","/_next/static/chunks/199-6d59def5b786e189.js":"9d02d53aa81933fbdfdea6d177f0d5312f68fb56ba6de06634ac826162fa2b1c","/_next/static/chunks/pages/_error-022e4ac7bbb9914f.js":"7bf801a8eee00d29868a0c959327e95bf4093862a00a314469a1c6aa37521859","/_next/static/chunks/pages/_app-5addca2b3b969fde.js":"e3a3f56a0796ae03156bf6b17275a761b2be9057427c2d67edf23ba7d7eca730","/_next/static/chunks/app/layout-d55c55dffb19bd2f.js":"22fe2c915a340571f7d02f4bc2a6bbe4194023636afbcf318b9ce5ba0722d84c","/_next/static/chunks/app/grid-entry/page-3df812a0b21f6b63.js":"420a88e002cd30ed9dc8e1820407cea7e03572ae539e965350fdfb9df9296778","/_next/static/chunks/app/events/page-70f0e329391cddd2.js":"76aa50deb88013423329563b412d875c848ea48d1de6aae72eb4a37d8d78b561","/_next/static/chunks/app/page-0ec4ae375d0c2c89.js":"b6caa3b7759ffe898575a78489943c1fd78dc276feba6b23a83ce0ed63e88b61","/_next/static/chunks/app/analytics/page-b4b996fe915451e4.js":"ff0abf87931f1954adab81a5830a86bc7469537c29ec30d1f7df75a0cbcaceec","/_next/static/chunks/app/_not-found/page-34c22031e77f82bb.js":"37d198068e2ef717190967db4654128f975e62affa58f6b6267075efc1a26024","/_next/static/Zl5atdf9m1e3I9GkMdG29/_ssgManifest.js":"02dbc1aeab6ef0a6ff2ff9a1643158cf9bb38929945eaa343a3627dee9ba6778","/_next/static/Zl5atdf9m1e3I9GkMdG29/_buildManifest.js":"3589d984fd4b9956f86838807776a7be81ce03899168d7abc786e1e965871977","/_next/static/chunks/app/calendar/page-0101e3a328fe786a.js":"074423cafa9d219f200a10d2243a11e9a078507c68314dedf55ee8efcea0af5f","/calendar.html":"7f67a45ffce0bfe4f238d8ea333af4724be19bc00e96ffccdb9245cc0817297e","/_next/static/chunks/app/raw/page-28cfa6ca27d84beb.js":"b4e30250f44725cb1ad79f0a7f1ca7c0594606251bd8a4d890349cf4b7dd0824","/_next/static/chunks/app/admin/page-b3c3f7d19dab0133.js":"77009606b28049e187e8ff885843a2b1014458fb63991f60802176279a46bb63","/_next/static/chunks/ae6eea6a-8cb4805bba81fafd.js":"d239cd51bd8b3a49fc150b9333ff7300f62ba310cbb8ebc447314f9982daf4ac","/_next/static/chunks/main-b01a0f68bcb190b1.js":"33015f4d7b23f51b3c91150139a7be86367a5831f575bc3b4cbc4ad5f62259b2","/_next/static/chunks/polyfills-42372ed130431b0a.js":"bea630d9824beca22855271c757404b58bb7b410c52a5e7d58d69ff26d9ddd0b","/_next/static/chunks/499-bbdbf19c5807d36c.js":"037cf7801056cee8b860d9553c3b453f9f902dd2e5fc48c588ce7a44bc56f513","/_next/static/chunks/255-9ad37a48e5c4abdf.js":"06554bb68676cc842125b34926dfe162b1246865bdba8bcdff2724791cc589ab","/_next/static/chunks/bc9e92e6-dbf268b4c977005f.js":"3f469a0ac5f74f348ac8edd566b6eb057a172e9c3a0e24b9a21bc71ae96d2023","/_next/static/chunks/4bd1b696-409494caf8c83275.js":"bba4ff5d4df3ab008cfccb2bd2e80c538acbf8e59fed6bf8df201993f525fe3c","/_next/static/chunks/401-1f86f1402773009d.js":"d155ed658ba9b7ff31b5d9522833d244245fa115f361d2cf7d5785ed9848da61","/_next/static/chunks/framework-d529f9bb24dbb4d6.js":"d441495dc9721e8fa161b5e54406eec138288ec0e28ef119166e064cc45cc1d5","/_next/static/chunks/108-0330623ae9b1b26b.js":"07869db17a25d9d85cfbc6a111be6c3ccd7a13d4f9d6f42f598d8382a4800c09"}}
[info] i  hosting: adding files to version [0/44] (0%) 
[debug] [2026-09-10T12:32:04.393Z] <<< [apiv2][status] POST https://firebasehosting.googleapis.com/v1beta1/projects/793669182842/sites/cheki-tracker-39407/versions/7d2c91b3ba7f15af:populateFiles 200
[debug] [2026-09-10T12:32:04.394Z] <<< [apiv2][body] POST https://firebasehosting.googleapis.com/v1beta1/projects/793669182842/sites/cheki-tracker-39407/versions/7d2c91b3ba7f15af:populateFiles {"uploadRequiredHashes":["e77a500df4fd1c0d4bb59ac32a4acf849b8fa143c6adff8a311bbbb16f600cc6","0b3e872302df13e6a5b342f9663930b4a6b3c799df0434bdfa1f779c464994fd","01617aaeb658acbee6d737e323a9597ba1cb100eb0a5363293dfc9e141316188","fb0569d3ef995b6132a4586a8945493fd52353b02ef48e4ce221ac86cc0c6511","406c202d3297f48d809e60bcfb74e65da86b2dda93631f7c8c77e599de9948f8","b8f3b984d3c3376c12a142202cf48966acee9dd5c6b2fd300e9fb5b6b3dcd0e4","27a5757c2f9ada2bfbfb40d2fcbb95256275f580676cf87ea173095a012c7621","50c4d847c6db1507261dd3f83d477c78146b43ca7e994bda5b520abfac881691","a7acca7f7752523074bac293c2f37bfd3bdce6d7a1e86fda7e73a193513a663f","7f67a45ffce0bfe4f238d8ea333af4724be19bc00e96ffccdb9245cc0817297e","5c4644dffc965b06cbdaa11c98f594d8662f2c35dc643a44d7627ac5a63cedee","77009606b28049e187e8ff885843a2b1014458fb63991f60802176279a46bb63","c94ef493d6b1157af0b88884e622fef9fe7ea738a30aa2b4ed90dfe4d5799bad","d95116500d90ed35d6a8f61e760c29736534570244f310719914b4fca7682c66","f37db0b56499359753ff35357e91a242f26d1debcc9337b525427747f2fe1aa0","a1b8faff2bbeaa32e0e804518f98c2c38938abaa6c12960d38a9f57edd5deb52"],"uploadUrl":"https://upload-firebasehosting.googleapis.com/upload/sites/cheki-tracker-39407/versions/7d2c91b3ba7f15af/files"}
[debug] [2026-09-10T12:32:04.394Z] Checked if tokens are valid: true, expires at: 1789045175577
[debug] [2026-09-10T12:32:04.394Z] Checked if tokens are valid: true, expires at: 1789045175577
[debug] [2026-09-10T12:32:04.395Z] Checked if tokens are valid: true, expires at: 1789045175577
[debug] [2026-09-10T12:32:04.395Z] Checked if tokens are valid: true, expires at: 1789045175577
[debug] [2026-09-10T12:32:04.395Z] Checked if tokens are valid: true, expires at: 1789045175577
[debug] [2026-09-10T12:32:04.395Z] Checked if tokens are valid: true, expires at: 1789045175577
[debug] [2026-09-10T12:32:04.395Z] Checked if tokens are valid: true, expires at: 1789045175577
[debug] [2026-09-10T12:32:04.395Z] Checked if tokens are valid: true, expires at: 1789045175577
[debug] [2026-09-10T12:32:04.395Z] Checked if tokens are valid: true, expires at: 1789045175577
[debug] [2026-09-10T12:32:04.395Z] Checked if tokens are valid: true, expires at: 1789045175577
[debug] [2026-09-10T12:32:04.395Z] Checked if tokens are valid: true, expires at: 1789045175577
[debug] [2026-09-10T12:32:04.395Z] Checked if tokens are valid: true, expires at: 1789045175577
[debug] [2026-09-10T12:32:04.395Z] Checked if tokens are valid: true, expires at: 1789045175577
[debug] [2026-09-10T12:32:04.395Z] Checked if tokens are valid: true, expires at: 1789045175577
[debug] [2026-09-10T12:32:04.395Z] Checked if tokens are valid: true, expires at: 1789045175577
[debug] [2026-09-10T12:32:04.395Z] Checked if tokens are valid: true, expires at: 1789045175577
[debug] [2026-09-10T12:32:04.395Z] Checked if tokens are valid: true, expires at: 1789045175577
[debug] [2026-09-10T12:32:04.395Z] Checked if tokens are valid: true, expires at: 1789045175577
[debug] [2026-09-10T12:32:04.396Z] Checked if tokens are valid: true, expires at: 1789045175577
[debug] [2026-09-10T12:32:04.396Z] Checked if tokens are valid: true, expires at: 1789045175577
[debug] [2026-09-10T12:32:04.396Z] Checked if tokens are valid: true, expires at: 1789045175577
[debug] [2026-09-10T12:32:04.396Z] Checked if tokens are valid: true, expires at: 1789045175577
[debug] [2026-09-10T12:32:04.396Z] Checked if tokens are valid: true, expires at: 1789045175577
[debug] [2026-09-10T12:32:04.396Z] Checked if tokens are valid: true, expires at: 1789045175577
[debug] [2026-09-10T12:32:04.396Z] Checked if tokens are valid: true, expires at: 1789045175577
[debug] [2026-09-10T12:32:04.396Z] Checked if tokens are valid: true, expires at: 1789045175577
[debug] [2026-09-10T12:32:04.396Z] Checked if tokens are valid: true, expires at: 1789045175577
[debug] [2026-09-10T12:32:04.396Z] Checked if tokens are valid: true, expires at: 1789045175577
[debug] [2026-09-10T12:32:04.396Z] Checked if tokens are valid: true, expires at: 1789045175577
[debug] [2026-09-10T12:32:04.396Z] Checked if tokens are valid: true, expires at: 1789045175577
[debug] [2026-09-10T12:32:04.396Z] Checked if tokens are valid: true, expires at: 1789045175577
[debug] [2026-09-10T12:32:04.396Z] Checked if tokens are valid: true, expires at: 1789045175577
[debug] [2026-09-10T12:32:04.396Z] >>> [apiv2][query] POST https://upload-firebasehosting.googleapis.com/upload/sites/cheki-tracker-39407/versions/7d2c91b3ba7f15af/files/e77a500df4fd1c0d4bb59ac32a4acf849b8fa143c6adff8a311bbbb16f600cc6 [none]
[debug] [2026-09-10T12:32:04.396Z] >>> [apiv2][body] POST https://upload-firebasehosting.googleapis.com/upload/sites/cheki-tracker-39407/versions/7d2c91b3ba7f15af/files/e77a500df4fd1c0d4bb59ac32a4acf849b8fa143c6adff8a311bbbb16f600cc6 [stream]
[debug] [2026-09-10T12:32:04.397Z] >>> [apiv2][query] POST https://upload-firebasehosting.googleapis.com/upload/sites/cheki-tracker-39407/versions/7d2c91b3ba7f15af/files/0b3e872302df13e6a5b342f9663930b4a6b3c799df0434bdfa1f779c464994fd [none]
[debug] [2026-09-10T12:32:04.397Z] >>> [apiv2][body] POST https://upload-firebasehosting.googleapis.com/upload/sites/cheki-tracker-39407/versions/7d2c91b3ba7f15af/files/0b3e872302df13e6a5b342f9663930b4a6b3c799df0434bdfa1f779c464994fd [stream]
[debug] [2026-09-10T12:32:04.398Z] >>> [apiv2][query] POST https://upload-firebasehosting.googleapis.com/upload/sites/cheki-tracker-39407/versions/7d2c91b3ba7f15af/files/01617aaeb658acbee6d737e323a9597ba1cb100eb0a5363293dfc9e141316188 [none]
[debug] [2026-09-10T12:32:04.398Z] >>> [apiv2][body] POST https://upload-firebasehosting.googleapis.com/upload/sites/cheki-tracker-39407/versions/7d2c91b3ba7f15af/files/01617aaeb658acbee6d737e323a9597ba1cb100eb0a5363293dfc9e141316188 [stream]
[debug] [2026-09-10T12:32:04.398Z] >>> [apiv2][query] POST https://upload-firebasehosting.googleapis.com/upload/sites/cheki-tracker-39407/versions/7d2c91b3ba7f15af/files/fb0569d3ef995b6132a4586a8945493fd52353b02ef48e4ce221ac86cc0c6511 [none]
[debug] [2026-09-10T12:32:04.398Z] >>> [apiv2][body] POST https://upload-firebasehosting.googleapis.com/upload/sites/cheki-tracker-39407/versions/7d2c91b3ba7f15af/files/fb0569d3ef995b6132a4586a8945493fd52353b02ef48e4ce221ac86cc0c6511 [stream]
[debug] [2026-09-10T12:32:04.398Z] >>> [apiv2][query] POST https://upload-firebasehosting.googleapis.com/upload/sites/cheki-tracker-39407/versions/7d2c91b3ba7f15af/files/406c202d3297f48d809e60bcfb74e65da86b2dda93631f7c8c77e599de9948f8 [none]
[debug] [2026-09-10T12:32:04.398Z] >>> [apiv2][body] POST https://upload-firebasehosting.googleapis.com/upload/sites/cheki-tracker-39407/versions/7d2c91b3ba7f15af/files/406c202d3297f48d809e60bcfb74e65da86b2dda93631f7c8c77e599de9948f8 [stream]
[debug] [2026-09-10T12:32:04.399Z] >>> [apiv2][query] POST https://upload-firebasehosting.googleapis.com/upload/sites/cheki-tracker-39407/versions/7d2c91b3ba7f15af/files/b8f3b984d3c3376c12a142202cf48966acee9dd5c6b2fd300e9fb5b6b3dcd0e4 [none]
[debug] [2026-09-10T12:32:04.399Z] >>> [apiv2][body] POST https://upload-firebasehosting.googleapis.com/upload/sites/cheki-tracker-39407/versions/7d2c91b3ba7f15af/files/b8f3b984d3c3376c12a142202cf48966acee9dd5c6b2fd300e9fb5b6b3dcd0e4 [stream]
[debug] [2026-09-10T12:32:04.399Z] >>> [apiv2][query] POST https://upload-firebasehosting.googleapis.com/upload/sites/cheki-tracker-39407/versions/7d2c91b3ba7f15af/files/27a5757c2f9ada2bfbfb40d2fcbb95256275f580676cf87ea173095a012c7621 [none]
[debug] [2026-09-10T12:32:04.399Z] >>> [apiv2][body] POST https://upload-firebasehosting.googleapis.com/upload/sites/cheki-tracker-39407/versions/7d2c91b3ba7f15af/files/27a5757c2f9ada2bfbfb40d2fcbb95256275f580676cf87ea173095a012c7621 [stream]
[debug] [2026-09-10T12:32:04.399Z] >>> [apiv2][query] POST https://upload-firebasehosting.googleapis.com/upload/sites/cheki-tracker-39407/versions/7d2c91b3ba7f15af/files/50c4d847c6db1507261dd3f83d477c78146b43ca7e994bda5b520abfac881691 [none]
[debug] [2026-09-10T12:32:04.399Z] >>> [apiv2][body] POST https://upload-firebasehosting.googleapis.com/upload/sites/cheki-tracker-39407/versions/7d2c91b3ba7f15af/files/50c4d847c6db1507261dd3f83d477c78146b43ca7e994bda5b520abfac881691 [stream]
[debug] [2026-09-10T12:32:04.399Z] >>> [apiv2][query] POST https://upload-firebasehosting.googleapis.com/upload/sites/cheki-tracker-39407/versions/7d2c91b3ba7f15af/files/a7acca7f7752523074bac293c2f37bfd3bdce6d7a1e86fda7e73a193513a663f [none]
[debug] [2026-09-10T12:32:04.399Z] >>> [apiv2][body] POST https://upload-firebasehosting.googleapis.com/upload/sites/cheki-tracker-39407/versions/7d2c91b3ba7f15af/files/a7acca7f7752523074bac293c2f37bfd3bdce6d7a1e86fda7e73a193513a663f [stream]
[debug] [2026-09-10T12:32:04.399Z] >>> [apiv2][query] POST https://upload-firebasehosting.googleapis.com/upload/sites/cheki-tracker-39407/versions/7d2c91b3ba7f15af/files/7f67a45ffce0bfe4f238d8ea333af4724be19bc00e96ffccdb9245cc0817297e [none]
[debug] [2026-09-10T12:32:04.399Z] >>> [apiv2][body] POST https://upload-firebasehosting.googleapis.com/upload/sites/cheki-tracker-39407/versions/7d2c91b3ba7f15af/files/7f67a45ffce0bfe4f238d8ea333af4724be19bc00e96ffccdb9245cc0817297e [stream]
[debug] [2026-09-10T12:32:04.400Z] >>> [apiv2][query] POST https://upload-firebasehosting.googleapis.com/upload/sites/cheki-tracker-39407/versions/7d2c91b3ba7f15af/files/5c4644dffc965b06cbdaa11c98f594d8662f2c35dc643a44d7627ac5a63cedee [none]
[debug] [2026-09-10T12:32:04.400Z] >>> [apiv2][body] POST https://upload-firebasehosting.googleapis.com/upload/sites/cheki-tracker-39407/versions/7d2c91b3ba7f15af/files/5c4644dffc965b06cbdaa11c98f594d8662f2c35dc643a44d7627ac5a63cedee [stream]
[debug] [2026-09-10T12:32:04.400Z] >>> [apiv2][query] POST https://upload-firebasehosting.googleapis.com/upload/sites/cheki-tracker-39407/versions/7d2c91b3ba7f15af/files/77009606b28049e187e8ff885843a2b1014458fb63991f60802176279a46bb63 [none]
[debug] [2026-09-10T12:32:04.400Z] >>> [apiv2][body] POST https://upload-firebasehosting.googleapis.com/upload/sites/cheki-tracker-39407/versions/7d2c91b3ba7f15af/files/77009606b28049e187e8ff885843a2b1014458fb63991f60802176279a46bb63 [stream]
[debug] [2026-09-10T12:32:04.400Z] >>> [apiv2][query] POST https://upload-firebasehosting.googleapis.com/upload/sites/cheki-tracker-39407/versions/7d2c91b3ba7f15af/files/c94ef493d6b1157af0b88884e622fef9fe7ea738a30aa2b4ed90dfe4d5799bad [none]
[debug] [2026-09-10T12:32:04.400Z] >>> [apiv2][body] POST https://upload-firebasehosting.googleapis.com/upload/sites/cheki-tracker-39407/versions/7d2c91b3ba7f15af/files/c94ef493d6b1157af0b88884e622fef9fe7ea738a30aa2b4ed90dfe4d5799bad [stream]
[debug] [2026-09-10T12:32:04.400Z] >>> [apiv2][query] POST https://upload-firebasehosting.googleapis.com/upload/sites/cheki-tracker-39407/versions/7d2c91b3ba7f15af/files/d95116500d90ed35d6a8f61e760c29736534570244f310719914b4fca7682c66 [none]
[debug] [2026-09-10T12:32:04.400Z] >>> [apiv2][body] POST https://upload-firebasehosting.googleapis.com/upload/sites/cheki-tracker-39407/versions/7d2c91b3ba7f15af/files/d95116500d90ed35d6a8f61e760c29736534570244f310719914b4fca7682c66 [stream]
[debug] [2026-09-10T12:32:04.400Z] >>> [apiv2][query] POST https://upload-firebasehosting.googleapis.com/upload/sites/cheki-tracker-39407/versions/7d2c91b3ba7f15af/files/f37db0b56499359753ff35357e91a242f26d1debcc9337b525427747f2fe1aa0 [none]
[debug] [2026-09-10T12:32:04.401Z] >>> [apiv2][body] POST https://upload-firebasehosting.googleapis.com/upload/sites/cheki-tracker-39407/versions/7d2c91b3ba7f15af/files/f37db0b56499359753ff35357e91a242f26d1debcc9337b525427747f2fe1aa0 [stream]
[debug] [2026-09-10T12:32:04.401Z] >>> [apiv2][query] POST https://upload-firebasehosting.googleapis.com/upload/sites/cheki-tracker-39407/versions/7d2c91b3ba7f15af/files/a1b8faff2bbeaa32e0e804518f98c2c38938abaa6c12960d38a9f57edd5deb52 [none]
[debug] [2026-09-10T12:32:04.401Z] >>> [apiv2][body] POST https://upload-firebasehosting.googleapis.com/upload/sites/cheki-tracker-39407/versions/7d2c91b3ba7f15af/files/a1b8faff2bbeaa32e0e804518f98c2c38938abaa6c12960d38a9f57edd5deb52 [stream]
[debug] [2026-09-10T12:32:04.406Z] [hosting][populate queue][FINAL] {"max":2731,"min":2731,"avg":2731,"active":0,"complete":1,"success":1,"errored":0,"retried":0,"total":1,"elapsed":2741}
[debug] [2026-09-10T12:32:04.406Z] [hosting] uploads queued: 16
